[      90ms] [INFO] %cDownload the React DevTools for a better development experience: https://reactjs.org/link/react-devtools font-weight:bold @ http://localhost:5173/node_modules/.vite/deps/chunk-ZFBEYDM4.js?v=b5ab7bed:21550
[    2784ms] [WARNING] The style property `font-family: 'Inter', system-ui, sans-serif` is invalid @ http://localhost:5173/node_modules/.vite/deps/cytoscape.js?v=b5ab7bed:1091
[    2785ms] [WARNING] The style property `font-family: 'JetBrains Mono', monospace` is invalid @ http://localhost:5173/node_modules/.vite/deps/cytoscape.js?v=b5ab7bed:1091
[    2785ms] [WARNING] The style property `font-family: 'JetBrains Mono', monospace` is invalid @ http://localhost:5173/node_modules/.vite/deps/cytoscape.js?v=b5ab7bed:1091
[    3525ms] [WARNING] The style property `font-family: 'Inter', system-ui, sans-serif` is invalid @ http://localhost:5173/node_modules/.vite/deps/cytoscape.js?v=b5ab7bed:1091
[    3526ms] [WARNING] The style property `font-family: 'JetBrains Mono', monospace` is invalid @ http://localhost:5173/node_modules/.vite/deps/cytoscape.js?v=b5ab7bed:1091
[    3526ms] [WARNING] The style property `font-family: 'JetBrains Mono', monospace` is invalid @ http://localhost:5173/node_modules/.vite/deps/cytoscape.js?v=b5ab7bed:1091
[    4172ms] [WARNING] The style property `font-family: 'Inter', system-ui, sans-serif` is invalid @ http://localhost:5173/node_modules/.vite/deps/cytoscape.js?v=b5ab7bed:1091
[    4172ms] [WARNING] The style property `font-family: 'JetBrains Mono', monospace` is invalid @ http://localhost:5173/node_modules/.vite/deps/cytoscape.js?v=b5ab7bed:1091
[    4172ms] [WARNING] The style property `font-family: 'JetBrains Mono', monospace` is invalid @ http://localhost:5173/node_modules/.vite/deps/cytoscape.js?v=b5ab7bed:1091
[    5042ms] [WARNING] The style property `font-family: 'Inter', system-ui, sans-serif` is invalid @ http://localhost:5173/node_modules/.vite/deps/cytoscape.js?v=b5ab7bed:1091
[    5042ms] [WARNING] The style property `font-family: 'JetBrains Mono', monospace` is invalid @ http://localhost:5173/node_modules/.vite/deps/cytoscape.js?v=b5ab7bed:1091
[    5060ms] [WARNING] The style property `font-family: 'Inter', system-ui, sans-serif` is invalid @ http://localhost:5173/node_modules/.vite/deps/cytoscape.js?v=b5ab7bed:1091
[    5061ms] [WARNING] The style property `font-family: 'JetBrains Mono', monospace` is invalid @ http://localhost:5173/node_modules/.vite/deps/cytoscape.js?v=b5ab7bed:1091
[    5642ms] [WARNING] The style property `font-family: 'Inter', system-ui, sans-serif` is invalid @ http://localhost:5173/node_modules/.vite/deps/cytoscape.js?v=b5ab7bed:1091
[    5642ms] [WARNING] The style property `font-family: 'JetBrains Mono', monospace` is invalid @ http://localhost:5173/node_modules/.vite/deps/cytoscape.js?v=b5ab7bed:1091
[    5642ms] [WARNING] The style property `font-family: 'JetBrains Mono', monospace` is invalid @ http://localhost:5173/node_modules/.vite/deps/cytoscape.js?v=b5ab7bed:1091
[    5656ms] [WARNING] The style property `font-family: 'Inter', system-ui, sans-serif` is invalid @ http://localhost:5173/node_modules/.vite/deps/cytoscape.js?v=b5ab7bed:1091
[    5656ms] [WARNING] The style property `font-family: 'JetBrains Mono', monospace` is invalid @ http://localhost:5173/node_modules/.vite/deps/cytoscape.js?v=b5ab7bed:1091
[    5656ms] [WARNING] The style property `font-family: 'JetBrains Mono', monospace` is invalid @ http://localhost:5173/node_modules/.vite/deps/cytoscape.js?v=b5ab7bed:1091
[    6398ms] [WARNING] The style property `font-family: 'Inter', system-ui, sans-serif` is invalid @ http://localhost:5173/node_modules/.vite/deps/cytoscape.js?v=b5ab7bed:1091
[    6398ms] [WARNING] The style property `font-family: 'JetBrains Mono', monospace` is invalid @ http://localhost:5173/node_modules/.vite/deps/cytoscape.js?v=b5ab7bed:1091
[    6398ms] [WARNING] The style property `font-family: 'JetBrains Mono', monospace` is invalid @ http://localhost:5173/node_modules/.vite/deps/cytoscape.js?v=b5ab7bed:1091
[    7047ms] [WARNING] The style property `font-family: 'Inter', system-ui, sans-serif` is invalid @ http://localhost:5173/node_modules/.vite/deps/cytoscape.js?v=b5ab7bed:1091
[    7047ms] [WARNING] The style property `font-family: 'JetBrains Mono', monospace` is invalid @ http://localhost:5173/node_modules/.vite/deps/cytoscape.js?v=b5ab7bed:1091
[    7047ms] [WARNING] The style property `font-family: 'JetBrains Mono', monospace` is invalid @ http://localhost:5173/node_modules/.vite/deps/cytoscape.js?v=b5ab7bed:1091
[    7575ms] [WARNING] The style property `font-family: 'Inter', system-ui, sans-serif` is invalid @ http://localhost:5173/node_modules/.vite/deps/cytoscape.js?v=b5ab7bed:1091
[    7575ms] [WARNING] The style property `font-family: 'JetBrains Mono', monospace` is invalid @ http://localhost:5173/node_modules/.vite/deps/cytoscape.js?v=b5ab7bed:1091
[    7575ms] [WARNING] The style property `font-family: 'JetBrains Mono', monospace` is invalid @ http://localhost:5173/node_modules/.vite/deps/cytoscape.js?v=b5ab7bed:1091
[    7589ms] [WARNING] The style property `font-family: 'Inter', system-ui, sans-serif` is invalid @ http://localhost:5173/node_modules/.vite/deps/cytoscape.js?v=b5ab7bed:1091
[    7590ms] [WARNING] The style property `font-family: 'JetBrains Mono', monospace` is invalid @ http://localhost:5173/node_modules/.vite/deps/cytoscape.js?v=b5ab7bed:1091
[    7590ms] [WARNING] The style property `font-family: 'JetBrains Mono', monospace` is invalid @ http://localhost:5173/node_modules/.vite/deps/cytoscape.js?v=b5ab7bed:1091
[    8114ms] [WARNING] The style property `font-family: 'Inter', system-ui, sans-serif` is invalid @ http://localhost:5173/node_modules/.vite/deps/cytoscape.js?v=b5ab7bed:1091
[    8114ms] [WARNING] The style property `font-family: 'JetBrains Mono', monospace` is invalid @ http://localhost:5173/node_modules/.vite/deps/cytoscape.js?v=b5ab7bed:1091
[    8114ms] [WARNING] The style property `font-family: 'JetBrains Mono', monospace` is invalid @ http://localhost:5173/node_modules/.vite/deps/cytoscape.js?v=b5ab7bed:1091
[    9096ms] [WARNING] The style property `font-family: 'Inter', system-ui, sans-serif` is invalid @ http://localhost:5173/node_modules/.vite/deps/cytoscape.js?v=b5ab7bed:1091
[    9097ms] [WARNING] The style property `font-family: 'JetBrains Mono', monospace` is invalid @ http://localhost:5173/node_modules/.vite/deps/cytoscape.js?v=b5ab7bed:1091
[    9097ms] [WARNING] The style property `font-family: 'JetBrains Mono', monospace` is invalid @ http://localhost:5173/node_modules/.vite/deps/cytoscape.js?v=b5ab7bed:1091
[    9105ms] [WARNING] The style property `font-family: 'Inter', system-ui, sans-serif` is invalid @ http://localhost:5173/node_modules/.vite/deps/cytoscape.js?v=b5ab7bed:1091
[    9106ms] [WARNING] The style property `font-family: 'JetBrains Mono', monospace` is invalid @ http://localhost:5173/node_modules/.vite/deps/cytoscape.js?v=b5ab7bed:1091
[    9106ms] [WARNING] The style property `font-family: 'JetBrains Mono', monospace` is invalid @ http://localhost:5173/node_modules/.vite/deps/cytoscape.js?v=b5ab7bed:1091
[    9750ms] [WARNING] The style property `font-family: 'Inter', system-ui, sans-serif` is invalid @ http://localhost:5173/node_modules/.vite/deps/cytoscape.js?v=b5ab7bed:1091
[    9750ms] [WARNING] The style property `font-family: 'JetBrains Mono', monospace` is invalid @ http://localhost:5173/node_modules/.vite/deps/cytoscape.js?v=b5ab7bed:1091
[    9750ms] [WARNING] The style property `font-family: 'JetBrains Mono', monospace` is invalid @ http://localhost:5173/node_modules/.vite/deps/cytoscape.js?v=b5ab7bed:1091
[   10616ms] [WARNING] The style property `font-family: 'Inter', system-ui, sans-serif` is invalid @ http://localhost:5173/node_modules/.vite/deps/cytoscape.js?v=b5ab7bed:1091
[   10616ms] [WARNING] The style property `font-family: 'JetBrains Mono', monospace` is invalid @ http://localhost:5173/node_modules/.vite/deps/cytoscape.js?v=b5ab7bed:1091
[   10616ms] [WARNING] The style property `font-family: 'JetBrains Mono', monospace` is invalid @ http://localhost:5173/node_modules/.vite/deps/cytoscape.js?v=b5ab7bed:1091
[   12487ms] [WARNING] The style property `font-family: 'Inter', system-ui, sans-serif` is invalid @ http://localhost:5173/node_modules/.vite/deps/cytoscape.js?v=b5ab7bed:1091
[   12487ms] [WARNING] The style property `font-family: 'JetBrains Mono', monospace` is invalid @ http://localhost:5173/node_modules/.vite/deps/cytoscape.js?v=b5ab7bed:1091
[   12487ms] [WARNING] The style property `font-family: 'JetBrains Mono', monospace` is invalid @ http://localhost:5173/node_modules/.vite/deps/cytoscape.js?v=b5ab7bed:1091
[   12498ms] [WARNING] The style property `font-family: 'Inter', system-ui, sans-serif` is invalid @ http://localhost:5173/node_modules/.vite/deps/cytoscape.js?v=b5ab7bed:1091
[   12498ms] [WARNING] The style property `font-family: 'JetBrains Mono', monospace` is invalid @ http://localhost:5173/node_modules/.vite/deps/cytoscape.js?v=b5ab7bed:1091
[   12498ms] [WARNING] The style property `font-family: 'JetBrains Mono', monospace` is invalid @ http://localhost:5173/node_modules/.vite/deps/cytoscape.js?v=b5ab7bed:1091
[   13119ms] [WARNING] The style property `font-family: 'Inter', system-ui, sans-serif` is invalid @ http://localhost:5173/node_modules/.vite/deps/cytoscape.js?v=b5ab7bed:1091
[   13120ms] [WARNING] The style property `font-family: 'JetBrains Mono', monospace` is invalid @ http://localhost:5173/node_modules/.vite/deps/cytoscape.js?v=b5ab7bed:1091
[   13120ms] [WARNING] The style property `font-family: 'JetBrains Mono', monospace` is invalid @ http://localhost:5173/node_modules/.vite/deps/cytoscape.js?v=b5ab7bed:1091
[   13702ms] [WARNING] The style property `font-family: 'Inter', system-ui, sans-serif` is invalid @ http://localhost:5173/node_modules/.vite/deps/cytoscape.js?v=b5ab7bed:1091
[   13702ms] [WARNING] The style property `font-family: 'JetBrains Mono', monospace` is invalid @ http://localhost:5173/node_modules/.vite/deps/cytoscape.js?v=b5ab7bed:1091
[   13702ms] [WARNING] The style property `font-family: 'JetBrains Mono', monospace` is invalid @ http://localhost:5173/node_modules/.vite/deps/cytoscape.js?v=b5ab7bed:1091
[   14320ms] [WARNING] The style property `font-family: 'Inter', system-ui, sans-serif` is invalid @ http://localhost:5173/node_modules/.vite/deps/cytoscape.js?v=b5ab7bed:1091
[   14320ms] [WARNING] The style property `font-family: 'JetBrains Mono', monospace` is invalid @ http://localhost:5173/node_modules/.vite/deps/cytoscape.js?v=b5ab7bed:1091
[   14338ms] [WARNING] The style property `font-family: 'Inter', system-ui, sans-serif` is invalid @ http://localhost:5173/node_modules/.vite/deps/cytoscape.js?v=b5ab7bed:1091
[   14339ms] [WARNING] The style property `font-family: 'JetBrains Mono', monospace` is invalid @ http://localhost:5173/node_modules/.vite/deps/cytoscape.js?v=b5ab7bed:1091
[   15212ms] [WARNING] The style property `font-family: 'Inter', system-ui, sans-serif` is invalid @ http://localhost:5173/node_modules/.vite/deps/cytoscape.js?v=b5ab7bed:1091
[   15213ms] [WARNING] The style property `font-family: 'JetBrains Mono', monospace` is invalid @ http://localhost:5173/node_modules/.vite/deps/cytoscape.js?v=b5ab7bed:1091
[   15228ms] [WARNING] The style property `font-family: 'Inter', system-ui, sans-serif` is invalid @ http://localhost:5173/node_modules/.vite/deps/cytoscape.js?v=b5ab7bed:1091
[   15229ms] [WARNING] The style property `font-family: 'JetBrains Mono', monospace` is invalid @ http://localhost:5173/node_modules/.vite/deps/cytoscape.js?v=b5ab7bed:1091
[   15870ms] [WARNING] The style property `font-family: 'Inter', system-ui, sans-serif` is invalid @ http://localhost:5173/node_modules/.vite/deps/cytoscape.js?v=b5ab7bed:1091
[   15870ms] [WARNING] The style property `font-family: 'JetBrains Mono', monospace` is invalid @ http://localhost:5173/node_modules/.vite/deps/cytoscape.js?v=b5ab7bed:1091
[   15882ms] [WARNING] The style property `font-family: 'Inter', system-ui, sans-serif` is invalid @ http://localhost:5173/node_modules/.vite/deps/cytoscape.js?v=b5ab7bed:1091
[   15882ms] [WARNING] The style property `font-family: 'JetBrains Mono', monospace` is invalid @ http://localhost:5173/node_modules/.vite/deps/cytoscape.js?v=b5ab7bed:1091
[   16599ms] [WARNING] The style property `font-family: 'Inter', system-ui, sans-serif` is invalid @ http://localhost:5173/node_modules/.vite/deps/cytoscape.js?v=b5ab7bed:1091
[   16599ms] [WARNING] The style property `font-family: 'JetBrains Mono', monospace` is invalid @ http://localhost:5173/node_modules/.vite/deps/cytoscape.js?v=b5ab7bed:1091
[   16600ms] [WARNING] The style property `font-family: 'JetBrains Mono', monospace` is invalid @ http://localhost:5173/node_modules/.vite/deps/cytoscape.js?v=b5ab7bed:1091
[   16603ms] [WARNING] The style property `font-family: 'Inter', system-ui, sans-serif` is invalid @ http://localhost:5173/node_modules/.vite/deps/cytoscape.js?v=b5ab7bed:1091
[   16603ms] [WARNING] The style property `font-family: 'JetBrains Mono', monospace` is invalid @ http://localhost:5173/node_modules/.vite/deps/cytoscape.js?v=b5ab7bed:1091
[   16608ms] [WARNING] The style property `font-family: 'Inter', system-ui, sans-serif` is invalid @ http://localhost:5173/node_modules/.vite/deps/cytoscape.js?v=b5ab7bed:1091
[   16609ms] [WARNING] The style property `font-family: 'JetBrains Mono', monospace` is invalid @ http://localhost:5173/node_modules/.vite/deps/cytoscape.js?v=b5ab7bed:1091
[   17885ms] [WARNING] The style property `font-family: 'Inter', system-ui, sans-serif` is invalid @ http://localhost:5173/node_modules/.vite/deps/cytoscape.js?v=b5ab7bed:1091
[   17885ms] [WARNING] The style property `font-family: 'JetBrains Mono', monospace` is invalid @ http://localhost:5173/node_modules/.vite/deps/cytoscape.js?v=b5ab7bed:1091
[   17894ms] [WARNING] The style property `font-family: 'Inter', system-ui, sans-serif` is invalid @ http://localhost:5173/node_modules/.vite/deps/cytoscape.js?v=b5ab7bed:1091
[   17895ms] [WARNING] The style property `font-family: 'JetBrains Mono', monospace` is invalid @ http://localhost:5173/node_modules/.vite/deps/cytoscape.js?v=b5ab7bed:1091
[   18444ms] [WARNING] The style property `font-family: 'Inter', system-ui, sans-serif` is invalid @ http://localhost:5173/node_modules/.vite/deps/cytoscape.js?v=b5ab7bed:1091
[   18445ms] [WARNING] The style property `font-family: 'JetBrains Mono', monospace` is invalid @ http://localhost:5173/node_modules/.vite/deps/cytoscape.js?v=b5ab7bed:1091
[   18456ms] [WARNING] The style property `font-family: 'Inter', system-ui, sans-serif` is invalid @ http://localhost:5173/node_modules/.vite/deps/cytoscape.js?v=b5ab7bed:1091
[   18457ms] [WARNING] The style property `font-family: 'JetBrains Mono', monospace` is invalid @ http://localhost:5173/node_modules/.vite/deps/cytoscape.js?v=b5ab7bed:1091
[   19065ms] [WARNING] The style property `font-family: 'Inter', system-ui, sans-serif` is invalid @ http://localhost:5173/node_modules/.vite/deps/cytoscape.js?v=b5ab7bed:1091
[   19065ms] [WARNING] The style property `font-family: 'JetBrains Mono', monospace` is invalid @ http://localhost:5173/node_modules/.vite/deps/cytoscape.js?v=b5ab7bed:1091
[   19071ms] [WARNING] The style property `font-family: 'Inter', system-ui, sans-serif` is invalid @ http://localhost:5173/node_modules/.vite/deps/cytoscape.js?v=b5ab7bed:1091
[   19071ms] [WARNING] The style property `font-family: 'JetBrains Mono', monospace` is invalid @ http://localhost:5173/node_modules/.vite/deps/cytoscape.js?v=b5ab7bed:1091
[   19668ms] [WARNING] The style property `font-family: 'Inter', system-ui, sans-serif` is invalid @ http://localhost:5173/node_modules/.vite/deps/cytoscape.js?v=b5ab7bed:1091
[   19668ms] [WARNING] The style property `font-family: 'JetBrains Mono', monospace` is invalid @ http://localhost:5173/node_modules/.vite/deps/cytoscape.js?v=b5ab7bed:1091
[   19679ms] [WARNING] The style property `font-family: 'Inter', system-ui, sans-serif` is invalid @ http://localhost:5173/node_modules/.vite/deps/cytoscape.js?v=b5ab7bed:1091
[   19679ms] [WARNING] The style property `font-family: 'JetBrains Mono', monospace` is invalid @ http://localhost:5173/node_modules/.vite/deps/cytoscape.js?v=b5ab7bed:1091
[   20946ms] [WARNING] The style property `font-family: 'Inter', system-ui, sans-serif` is invalid @ http://localhost:5173/node_modules/.vite/deps/cytoscape.js?v=b5ab7bed:1091
[   20946ms] [WARNING] The style property `font-family: 'JetBrains Mono', monospace` is invalid @ http://localhost:5173/node_modules/.vite/deps/cytoscape.js?v=b5ab7bed:1091
[   20947ms] [WARNING] The style property `font-family: 'JetBrains Mono', monospace` is invalid @ http://localhost:5173/node_modules/.vite/deps/cytoscape.js?v=b5ab7bed:1091
[   20955ms] [WARNING] The style property `font-family: 'Inter', system-ui, sans-serif` is invalid @ http://localhost:5173/node_modules/.vite/deps/cytoscape.js?v=b5ab7bed:1091
[   20955ms] [WARNING] The style property `font-family: 'JetBrains Mono', monospace` is invalid @ http://localhost:5173/node_modules/.vite/deps/cytoscape.js?v=b5ab7bed:1091
[   20955ms] [WARNING] The style property `font-family: 'JetBrains Mono', monospace` is invalid @ http://localhost:5173/node_modules/.vite/deps/cytoscape.js?v=b5ab7bed:1091
[   21429ms] [WARNING] The style property `font-family: 'Inter', system-ui, sans-serif` is invalid @ http://localhost:5173/node_modules/.vite/deps/cytoscape.js?v=b5ab7bed:1091
[   21429ms] [WARNING] The style property `font-family: 'JetBrains Mono', monospace` is invalid @ http://localhost:5173/node_modules/.vite/deps/cytoscape.js?v=b5ab7bed:1091
[   21429ms] [WARNING] The style property `font-family: 'JetBrains Mono', monospace` is invalid @ http://localhost:5173/node_modules/.vite/deps/cytoscape.js?v=b5ab7bed:1091
[   21940ms] [WARNING] The style property `font-family: 'Inter', system-ui, sans-serif` is invalid @ http://localhost:5173/node_modules/.vite/deps/cytoscape.js?v=b5ab7bed:1091
[   21940ms] [WARNING] The style property `font-family: 'JetBrains Mono', monospace` is invalid @ http://localhost:5173/node_modules/.vite/deps/cytoscape.js?v=b5ab7bed:1091
[   21940ms] [WARNING] The style property `font-family: 'JetBrains Mono', monospace` is invalid @ http://localhost:5173/node_modules/.vite/deps/cytoscape.js?v=b5ab7bed:1091
[   22607ms] [WARNING] The style property `font-family: 'Inter', system-ui, sans-serif` is invalid @ http://localhost:5173/node_modules/.vite/deps/cytoscape.js?v=b5ab7bed:1091
[   22607ms] [WARNING] The style property `font-family: 'JetBrains Mono', monospace` is invalid @ http://localhost:5173/node_modules/.vite/deps/cytoscape.js?v=b5ab7bed:1091
[   22619ms] [WARNING] The style property `font-family: 'Inter', system-ui, sans-serif` is invalid @ http://localhost:5173/node_modules/.vite/deps/cytoscape.js?v=b5ab7bed:1091
[   22620ms] [WARNING] The style property `font-family: 'JetBrains Mono', monospace` is invalid @ http://localhost:5173/node_modules/.vite/deps/cytoscape.js?v=b5ab7bed:1091
[   23173ms] [WARNING] The style property `font-family: 'Inter', system-ui, sans-serif` is invalid @ http://localhost:5173/node_modules/.vite/deps/cytoscape.js?v=b5ab7bed:1091
[   23174ms] [WARNING] The style property `font-family: 'JetBrains Mono', monospace` is invalid @ http://localhost:5173/node_modules/.vite/deps/cytoscape.js?v=b5ab7bed:1091
[   23183ms] [WARNING] The style property `font-family: 'Inter', system-ui, sans-serif` is invalid @ http://localhost:5173/node_modules/.vite/deps/cytoscape.js?v=b5ab7bed:1091
[   23184ms] [WARNING] The style property `font-family: 'JetBrains Mono', monospace` is invalid @ http://localhost:5173/node_modules/.vite/deps/cytoscape.js?v=b5ab7bed:1091
[   23897ms] [WARNING] The style property `font-family: 'Inter', system-ui, sans-serif` is invalid @ http://localhost:5173/node_modules/.vite/deps/cytoscape.js?v=b5ab7bed:1091
[   23898ms] [WARNING] The style property `font-family: 'JetBrains Mono', monospace` is invalid @ http://localhost:5173/node_modules/.vite/deps/cytoscape.js?v=b5ab7bed:1091
[   23898ms] [WARNING] The style property `font-family: 'JetBrains Mono', monospace` is invalid @ http://localhost:5173/node_modules/.vite/deps/cytoscape.js?v=b5ab7bed:1091
[   23908ms] [WARNING] The style property `font-family: 'Inter', system-ui, sans-serif` is invalid @ http://localhost:5173/node_modules/.vite/deps/cytoscape.js?v=b5ab7bed:1091
[   23909ms] [WARNING] The style property `font-family: 'JetBrains Mono', monospace` is invalid @ http://localhost:5173/node_modules/.vite/deps/cytoscape.js?v=b5ab7bed:1091
[   23909ms] [WARNING] The style property `font-family: 'JetBrains Mono', monospace` is invalid @ http://localhost:5173/node_modules/.vite/deps/cytoscape.js?v=b5ab7bed:1091
[   25853ms] [WARNING] The style property `font-family: 'Inter', system-ui, sans-serif` is invalid @ http://localhost:5173/node_modules/.vite/deps/cytoscape.js?v=b5ab7bed:1091
[   25853ms] [WARNING] The style property `font-family: 'JetBrains Mono', monospace` is invalid @ http://localhost:5173/node_modules/.vite/deps/cytoscape.js?v=b5ab7bed:1091
[   25853ms] [WARNING] The style property `font-family: 'JetBrains Mono', monospace` is invalid @ http://localhost:5173/node_modules/.vite/deps/cytoscape.js?v=b5ab7bed:1091
[   26402ms] [WARNING] The style property `font-family: 'Inter', system-ui, sans-serif` is invalid @ http://localhost:5173/node_modules/.vite/deps/cytoscape.js?v=b5ab7bed:1091
[   26402ms] [WARNING] The style property `font-family: 'JetBrains Mono', monospace` is invalid @ http://localhost:5173/node_modules/.vite/deps/cytoscape.js?v=b5ab7bed:1091
[   26402ms] [WARNING] The style property `font-family: 'JetBrains Mono', monospace` is invalid @ http://localhost:5173/node_modules/.vite/deps/cytoscape.js?v=b5ab7bed:1091
[   26925ms] [WARNING] The style property `font-family: 'Inter', system-ui, sans-serif` is invalid @ http://localhost:5173/node_modules/.vite/deps/cytoscape.js?v=b5ab7bed:1091
[   26926ms] [WARNING] The style property `font-family: 'JetBrains Mono', monospace` is invalid @ http://localhost:5173/node_modules/.vite/deps/cytoscape.js?v=b5ab7bed:1091
[   26926ms] [WARNING] The style property `font-family: 'JetBrains Mono', monospace` is invalid @ http://localhost:5173/node_modules/.vite/deps/cytoscape.js?v=b5ab7bed:1091
[   26935ms] [WARNING] The style property `font-family: 'Inter', system-ui, sans-serif` is invalid @ http://localhost:5173/node_modules/.vite/deps/cytoscape.js?v=b5ab7bed:1091
[   26935ms] [WARNING] The style property `font-family: 'JetBrains Mono', monospace` is invalid @ http://localhost:5173/node_modules/.vite/deps/cytoscape.js?v=b5ab7bed:1091
[   26935ms] [WARNING] The style property `font-family: 'JetBrains Mono', monospace` is invalid @ http://localhost:5173/node_modules/.vite/deps/cytoscape.js?v=b5ab7bed:1091
[   27518ms] [WARNING] The style property `font-family: 'Inter', system-ui, sans-serif` is invalid @ http://localhost:5173/node_modules/.vite/deps/cytoscape.js?v=b5ab7bed:1091
[   27518ms] [WARNING] The style property `font-family: 'JetBrains Mono', monospace` is invalid @ http://localhost:5173/node_modules/.vite/deps/cytoscape.js?v=b5ab7bed:1091
[   27518ms] [WARNING] The style property `font-family: 'JetBrains Mono', monospace` is invalid @ http://localhost:5173/node_modules/.vite/deps/cytoscape.js?v=b5ab7bed:1091
[   27985ms] [WARNING] The style property `font-family: 'Inter', system-ui, sans-serif` is invalid @ http://localhost:5173/node_modules/.vite/deps/cytoscape.js?v=b5ab7bed:1091
[   27985ms] [WARNING] The style property `font-family: 'JetBrains Mono', monospace` is invalid @ http://localhost:5173/node_modules/.vite/deps/cytoscape.js?v=b5ab7bed:1091
[   27985ms] [WARNING] The style property `font-family: 'JetBrains Mono', monospace` is invalid @ http://localhost:5173/node_modules/.vite/deps/cytoscape.js?v=b5ab7bed:1091
[   28576ms] [WARNING] The style property `font-family: 'Inter', system-ui, sans-serif` is invalid @ http://localhost:5173/node_modules/.vite/deps/cytoscape.js?v=b5ab7bed:1091
[   28577ms] [WARNING] The style property `font-family: 'JetBrains Mono', monospace` is invalid @ http://localhost:5173/node_modules/.vite/deps/cytoscape.js?v=b5ab7bed:1091
[   28591ms] [WARNING] The style property `font-family: 'Inter', system-ui, sans-serif` is invalid @ http://localhost:5173/node_modules/.vite/deps/cytoscape.js?v=b5ab7bed:1091
[   28592ms] [WARNING] The style property `font-family: 'JetBrains Mono', monospace` is invalid @ http://localhost:5173/node_modules/.vite/deps/cytoscape.js?v=b5ab7bed:1091
[   29609ms] [WARNING] The style property `font-family: 'Inter', system-ui, sans-serif` is invalid @ http://localhost:5173/node_modules/.vite/deps/cytoscape.js?v=b5ab7bed:1091
[   29609ms] [WARNING] The style property `font-family: 'JetBrains Mono', monospace` is invalid @ http://localhost:5173/node_modules/.vite/deps/cytoscape.js?v=b5ab7bed:1091
[   29609ms] [WARNING] The style property `font-family: 'JetBrains Mono', monospace` is invalid @ http://localhost:5173/node_modules/.vite/deps/cytoscape.js?v=b5ab7bed:1091
[   29616ms] [WARNING] The style property `font-family: 'Inter', system-ui, sans-serif` is invalid @ http://localhost:5173/node_modules/.vite/deps/cytoscape.js?v=b5ab7bed:1091
[   29616ms] [WARNING] The style property `font-family: 'JetBrains Mono', monospace` is invalid @ http://localhost:5173/node_modules/.vite/deps/cytoscape.js?v=b5ab7bed:1091
[   29631ms] [WARNING] The style property `font-family: 'Inter', system-ui, sans-serif` is invalid @ http://localhost:5173/node_modules/.vite/deps/cytoscape.js?v=b5ab7bed:1091
[   29632ms] [WARNING] The style property `font-family: 'JetBrains Mono', monospace` is invalid @ http://localhost:5173/node_modules/.vite/deps/cytoscape.js?v=b5ab7bed:1091
