[      71ms] [INFO] %cDownload the React DevTools for a better development experience: https://reactjs.org/link/react-devtools font-weight:bold @ http://localhost:5173/node_modules/.vite/deps/chunk-ZFBEYDM4.js?v=b5ab7bed:21550
[  277434ms] [INFO] %cDownload the React DevTools for a better development experience: https://reactjs.org/link/react-devtools font-weight:bold @ http://localhost:5173/node_modules/.vite/deps/chunk-ZFBEYDM4.js?v=b5ab7bed:21550
[  474473ms] [ERROR] Failed to load resource: the server responded with a status of 500 (Internal Server Error) @ http://localhost:5173/src/components/NodeDetailPage.jsx?t=1785494918853:0
[  474473ms] [ERROR] [hmr] Failed to reload /src/components/NodeDetailPage.jsx. This could be due to syntax errors or importing non-existent modules. (see errors above) @ http://localhost:5173/@vite/client:175
[  592787ms] [WARNING] The style property `font-family: 'Inter', system-ui, sans-serif` is invalid @ http://localhost:5173/node_modules/.vite/deps/cytoscape.js?v=b5ab7bed:1091
[  592787ms] [WARNING] The style property `font-family: 'JetBrains Mono', monospace` is invalid @ http://localhost:5173/node_modules/.vite/deps/cytoscape.js?v=b5ab7bed:1091
[  592787ms] [WARNING] The style property `font-family: 'JetBrains Mono', monospace` is invalid @ http://localhost:5173/node_modules/.vite/deps/cytoscape.js?v=b5ab7bed:1091
[  592794ms] [WARNING] The style property `font-family: 'Inter', system-ui, sans-serif` is invalid @ http://localhost:5173/node_modules/.vite/deps/cytoscape.js?v=b5ab7bed:1091
[  592795ms] [WARNING] The style property `font-family: 'JetBrains Mono', monospace` is invalid @ http://localhost:5173/node_modules/.vite/deps/cytoscape.js?v=b5ab7bed:1091
[  592807ms] [WARNING] The style property `font-family: 'Inter', system-ui, sans-serif` is invalid @ http://localhost:5173/node_modules/.vite/deps/cytoscape.js?v=b5ab7bed:1091
[  592808ms] [WARNING] The style property `font-family: 'JetBrains Mono', monospace` is invalid @ http://localhost:5173/node_modules/.vite/deps/cytoscape.js?v=b5ab7bed:1091
[  592808ms] [WARNING] The style property `font-family: 'JetBrains Mono', monospace` is invalid @ http://localhost:5173/node_modules/.vite/deps/cytoscape.js?v=b5ab7bed:1091
[  592815ms] [WARNING] The style property `font-family: 'Inter', system-ui, sans-serif` is invalid @ http://localhost:5173/node_modules/.vite/deps/cytoscape.js?v=b5ab7bed:1091
[  592815ms] [WARNING] The style property `font-family: 'JetBrains Mono', monospace` is invalid @ http://localhost:5173/node_modules/.vite/deps/cytoscape.js?v=b5ab7bed:1091
[  630430ms] [WARNING] The style property `font-family: 'Inter', system-ui, sans-serif` is invalid @ http://localhost:5173/node_modules/.vite/deps/cytoscape.js?v=b5ab7bed:1091
[  630431ms] [WARNING] The style property `font-family: 'JetBrains Mono', monospace` is invalid @ http://localhost:5173/node_modules/.vite/deps/cytoscape.js?v=b5ab7bed:1091
[  630431ms] [WARNING] The style property `font-family: 'Inter', system-ui, sans-serif` is invalid @ http://localhost:5173/node_modules/.vite/deps/cytoscape.js?v=b5ab7bed:1091
[  719023ms] [WARNING] The style property `font-family: 'Inter', system-ui, sans-serif` is invalid @ http://localhost:5173/node_modules/.vite/deps/cytoscape.js?v=b5ab7bed:1091
[  719023ms] [WARNING] The style property `font-family: 'JetBrains Mono', monospace` is invalid @ http://localhost:5173/node_modules/.vite/deps/cytoscape.js?v=b5ab7bed:1091
[  719023ms] [WARNING] The style property `font-family: 'Inter', system-ui, sans-serif` is invalid @ http://localhost:5173/node_modules/.vite/deps/cytoscape.js?v=b5ab7bed:1091
[  726884ms] [WARNING] The style property `font-family: 'Inter', system-ui, sans-serif` is invalid @ http://localhost:5173/node_modules/.vite/deps/cytoscape.js?v=b5ab7bed:1091
[  726884ms] [WARNING] The style property `font-family: 'JetBrains Mono', monospace` is invalid @ http://localhost:5173/node_modules/.vite/deps/cytoscape.js?v=b5ab7bed:1091
[  726884ms] [WARNING] The style property `font-family: 'Inter', system-ui, sans-serif` is invalid @ http://localhost:5173/node_modules/.vite/deps/cytoscape.js?v=b5ab7bed:1091
[  753203ms] [WARNING] The style property `font-family: 'Inter', system-ui, sans-serif` is invalid @ http://localhost:5173/node_modules/.vite/deps/cytoscape.js?v=b5ab7bed:1091
[  753203ms] [WARNING] The style property `font-family: 'JetBrains Mono', monospace` is invalid @ http://localhost:5173/node_modules/.vite/deps/cytoscape.js?v=b5ab7bed:1091
[  753203ms] [WARNING] The style property `font-family: 'Inter', system-ui, sans-serif` is invalid @ http://localhost:5173/node_modules/.vite/deps/cytoscape.js?v=b5ab7bed:1091
[  785561ms] [WARNING] The style property `font-family: 'Inter', system-ui, sans-serif` is invalid @ http://localhost:5173/node_modules/.vite/deps/cytoscape.js?v=b5ab7bed:1091
[  785561ms] [WARNING] The style property `font-family: 'JetBrains Mono', monospace` is invalid @ http://localhost:5173/node_modules/.vite/deps/cytoscape.js?v=b5ab7bed:1091
[  785562ms] [WARNING] The style property `font-family: 'JetBrains Mono', monospace` is invalid @ http://localhost:5173/node_modules/.vite/deps/cytoscape.js?v=b5ab7bed:1091
[  785565ms] [WARNING] The style property `font-family: 'Inter', system-ui, sans-serif` is invalid @ http://localhost:5173/node_modules/.vite/deps/cytoscape.js?v=b5ab7bed:1091
[  785565ms] [WARNING] The style property `font-family: 'JetBrains Mono', monospace` is invalid @ http://localhost:5173/node_modules/.vite/deps/cytoscape.js?v=b5ab7bed:1091
[  785569ms] [WARNING] The style property `font-family: 'Inter', system-ui, sans-serif` is invalid @ http://localhost:5173/node_modules/.vite/deps/cytoscape.js?v=b5ab7bed:1091
[  785569ms] [WARNING] The style property `font-family: 'JetBrains Mono', monospace` is invalid @ http://localhost:5173/node_modules/.vite/deps/cytoscape.js?v=b5ab7bed:1091
[  785569ms] [WARNING] The style property `font-family: 'JetBrains Mono', monospace` is invalid @ http://localhost:5173/node_modules/.vite/deps/cytoscape.js?v=b5ab7bed:1091
[  785573ms] [WARNING] The style property `font-family: 'Inter', system-ui, sans-serif` is invalid @ http://localhost:5173/node_modules/.vite/deps/cytoscape.js?v=b5ab7bed:1091
[  785573ms] [WARNING] The style property `font-family: 'JetBrains Mono', monospace` is invalid @ http://localhost:5173/node_modules/.vite/deps/cytoscape.js?v=b5ab7bed:1091
[  791512ms] [WARNING] The style property `font-family: 'Inter', system-ui, sans-serif` is invalid @ http://localhost:5173/node_modules/.vite/deps/cytoscape.js?v=b5ab7bed:1091
[  791512ms] [WARNING] The style property `font-family: 'JetBrains Mono', monospace` is invalid @ http://localhost:5173/node_modules/.vite/deps/cytoscape.js?v=b5ab7bed:1091
[  791512ms] [WARNING] The style property `font-family: 'JetBrains Mono', monospace` is invalid @ http://localhost:5173/node_modules/.vite/deps/cytoscape.js?v=b5ab7bed:1091
[  791516ms] [WARNING] The style property `font-family: 'Inter', system-ui, sans-serif` is invalid @ http://localhost:5173/node_modules/.vite/deps/cytoscape.js?v=b5ab7bed:1091
[  791517ms] [WARNING] The style property `font-family: 'JetBrains Mono', monospace` is invalid @ http://localhost:5173/node_modules/.vite/deps/cytoscape.js?v=b5ab7bed:1091
[  791521ms] [WARNING] The style property `font-family: 'Inter', system-ui, sans-serif` is invalid @ http://localhost:5173/node_modules/.vite/deps/cytoscape.js?v=b5ab7bed:1091
[  791521ms] [WARNING] The style property `font-family: 'JetBrains Mono', monospace` is invalid @ http://localhost:5173/node_modules/.vite/deps/cytoscape.js?v=b5ab7bed:1091
[  791521ms] [WARNING] The style property `font-family: 'JetBrains Mono', monospace` is invalid @ http://localhost:5173/node_modules/.vite/deps/cytoscape.js?v=b5ab7bed:1091
[  791525ms] [WARNING] The style property `font-family: 'Inter', system-ui, sans-serif` is invalid @ http://localhost:5173/node_modules/.vite/deps/cytoscape.js?v=b5ab7bed:1091
[  791525ms] [WARNING] The style property `font-family: 'JetBrains Mono', monospace` is invalid @ http://localhost:5173/node_modules/.vite/deps/cytoscape.js?v=b5ab7bed:1091
